ERC report (2026-01-01T15:50:34+0530, Encoding UTF8)

***** Sheet /
[pin_to_pin]: Pins of type Bidirectional and Power output are connected
    ; warning
    @(39.37 mm, 55.88 mm): Symbol U1 Pin 15 [GND, Bidirectional, Line]
    @(21.59 mm, 153.67 mm): Symbol #FLG03 Pin 1 [Power output, Line]
[footprint_link_issues]: The current configuration does not include the footprint library 'ESP-12F'.
    ; warning
    @(57.15 mm, 60.96 mm): Symbol U1 [ESP-12F]
[footprint_link_issues]: The current configuration does not include the footprint library 'RT9080-33GJ5'.
    ; warning
    @(191.77 mm, 48.26 mm): Symbol IC1 [RT9080-33GJ5]
[pin_to_pin]: Pins of type Bidirectional and Power output are connected
    ; warning
    @(191.77 mm, 48.26 mm): Symbol IC1 Pin 1 [VIN, Bidirectional, Line]
    @(73.66 mm, 149.86 mm): Symbol U2 Pin 5 [BAT, Power output, Line]
[pin_to_pin]: Pins of type Bidirectional and Power output are connected
    ; warning
    @(191.77 mm, 50.80 mm): Symbol IC1 Pin 2 [GND, Bidirectional, Line]
    @(21.59 mm, 153.67 mm): Symbol #FLG03 Pin 1 [Power output, Line]
[pin_to_pin]: Pins of type Bidirectional and Power output are connected
    ; warning
    @(191.77 mm, 53.34 mm): Symbol IC1 Pin 3 [EN, Bidirectional, Line]
    @(73.66 mm, 149.86 mm): Symbol U2 Pin 5 [BAT, Power output, Line]
[footprint_link_issues]: The current configuration does not include the footprint library 'SI2301CDS-T1-GE3'.
    ; warning
    @(180.34 mm, 135.89 mm): Symbol T1 [SI2301CDS-T1-GE3]

 ** ERC messages: 7  Errors 0  Warnings 7
